// Jest Snapshot v1, https://goo.gl/fbAQLP

exports[`Music Update renders correctly 1`] = `
Array [
  <div
    className="titleContainer"
  >
    <h2
      className="title"
    >
      Updated Music
    </h2>
  </div>,
  <div
    className="listContainer"
  >
    <div
      className="list"
    >
      <div
        className="container"
      >
        <div
          className="video"
          onClick={[Function]}
          title="video"
        >
          <img
            alt="title1"
            className="thumbnail"
            src="https://image/"
          />
          <div
            className="metadata"
          >
            <p
              className="title"
            >
              title1
            </p>
          </div>
        </div>
      </div>
      <div
        className="container"
      >
        <div
          className="video"
          onClick={[Function]}
          title="video"
        >
          <img
            alt="title2"
            className="thumbnail"
            src="https://image/"
          />
          <div
            className="metadata"
          >
            <p
              className="title"
            >
              title2
            </p>
          </div>
        </div>
      </div>
      <div
        className="container"
      >
        <div
          className="video"
          onClick={[Function]}
          title="video"
        >
          <img
            alt="title3"
            className="thumbnail"
            src="https://image/"
          />
          <div
            className="metadata"
          >
            <p
              className="title"
            >
              title3
            </p>
          </div>
        </div>
      </div>
    </div>
  </div>,
]
`;
