// Jest Snapshot v1, https://goo.gl/fbAQLP

exports[`Board Item renders correctly 1`] = `
<li
  className="container"
>
  <div
    className="item"
    data-testid="post_item"
  >
    <span
      className="type"
    >
      Request
    </span>
    <p
      className="itemContent"
    >
      <span>
        post text
      </span>
      <span
        className="new"
      >
        N
      </span>
    </p>
    <p
      className="nameWrapper"
    >
      <span
        className="name"
      >
        3
      </span>
      <span
        className="writer"
      >
        작성자
      </span>
    </p>
    <span
      className="date"
    >
      방금전
    </span>
    <div
      className="option"
    >
      <button
        className="optionBtn optionBtn"
        data-testid="elipsis"
      >
        <span
          className="elipsis"
        />
        <span
          className="elipsis"
        />
        <span
          className="elipsis"
        />
      </button>
      <button
        className="delBtn deleteBtn"
        data-testid="deleteBtn"
        onClick={[Function]}
      >
        delete
      </button>
    </div>
  </div>
</li>
`;
