// Jest Snapshot v1, https://goo.gl/fbAQLP

exports[`Music List renders correctly 1`] = `
Array [
  <div
    className="titleContainer"
  >
    <h2
      className="title"
    >
      Music List
    </h2>
  </div>,
  <div
    className="sliderContainer"
  >
    <div
      className="slider"
    >
      <div
        className="slider simple__slider"
      >
        <div
          className="slidesContainer"
          data-testid="container"
        >
          <div
            className="slides"
            data-testid="slides"
          >
            <div
              className="slide"
            >
              <div
                className="container"
              >
                <div
                  className="video"
                  onClick={[Function]}
                  title="video"
                >
                  <img
                    alt="title1"
                    className="thumbnail"
                    src="https://image/"
                  />
                  <div
                    className="metadata"
                  >
                    <p
                      className="title"
                    >
                      title1
                    </p>
                  </div>
                </div>
              </div>
            </div>
            <div
              className="slide"
            >
              <div
                className="container"
              >
                <div
                  className="video"
                  onClick={[Function]}
                  title="video"
                >
                  <img
                    alt="title2"
                    className="thumbnail"
                    src="https://image/"
                  />
                  <div
                    className="metadata"
                  >
                    <p
                      className="title"
                    >
                      title2
                    </p>
                  </div>
                </div>
              </div>
            </div>
            <div
              className="slide"
            >
              <div
                className="container"
              >
                <div
                  className="video"
                  onClick={[Function]}
                  title="video"
                >
                  <img
                    alt="title3"
                    className="thumbnail"
                    src="https://image/"
                  />
                  <div
                    className="metadata"
                  >
                    <p
                      className="title"
                    >
                      title3
                    </p>
                  </div>
                </div>
              </div>
            </div>
            <div
              className="slide"
            >
              <div
                className="container"
              >
                <div
                  className="video"
                  onClick={[Function]}
                  title="video"
                >
                  <img
                    alt="title1"
                    className="thumbnail"
                    src="https://image/"
                  />
                  <div
                    className="metadata"
                  >
                    <p
                      className="title"
                    >
                      title1
                    </p>
                  </div>
                </div>
              </div>
            </div>
            <div
              className="slide"
            >
              <div
                className="container"
              >
                <div
                  className="video"
                  onClick={[Function]}
                  title="video"
                >
                  <img
                    alt="title2"
                    className="thumbnail"
                    src="https://image/"
                  />
                  <div
                    className="metadata"
                  >
                    <p
                      className="title"
                    >
                      title2
                    </p>
                  </div>
                </div>
              </div>
            </div>
            <div
              className="slide"
            >
              <div
                className="container"
              >
                <div
                  className="video"
                  onClick={[Function]}
                  title="video"
                >
                  <img
                    alt="title3"
                    className="thumbnail"
                    src="https://image/"
                  />
                  <div
                    className="metadata"
                  >
                    <p
                      className="title"
                    >
                      title3
                    </p>
                  </div>
                </div>
              </div>
            </div>
          </div>
        </div>
        <div
          className="arrow"
        >
          <button
            className="prev"
            data-testid="arrow"
            onClick={[Function]}
          >
            <i
              className="icon fas fa-chevron-left"
            />
          </button>
          <button
            className="next"
            data-testid="arrow"
            onClick={[Function]}
          >
            <i
              className="icon fas fa-chevron-right"
            />
          </button>
        </div>
        <ul
          className="dots simple__dots"
          onClick={[Function]}
        />
      </div>
    </div>
  </div>,
]
`;
