// Jest Snapshot v1, https://goo.gl/fbAQLP

exports[`VideoItem renders correctly 1`] = `
<div
  className="container"
  data-testid="video"
>
  <div
    className="video"
    onClick={[Function]}
    title="video"
  >
    <img
      alt="title"
      className="thumbnail"
      src="https://image/"
    />
    <div
      className="metadata"
    >
      <p
        className="title"
      >
        title
      </p>
    </div>
  </div>
</div>
`;
